<?xml version="1.0" encoding="utf-8"?><testsuites name="pytest tests"><testsuite name="pytest" errors="0" failures="0" skipped="0" tests="5" time="1.485" timestamp="2025-09-23T09:44:11.835518-06:00" hostname="Jarvis"><testcase classname="tests.test_app" name="test_health" time="0.099" /><testcase classname="tests.test_app" name="test_config_contains_score_mapping" time="0.005" /><testcase classname="tests.test_app" name="test_transaction_in_review_path" time="0.014" /><testcase classname="tests.test_app" name="test_transaction_hard_block_rejection" time="0.006" /><testcase classname="tests.test_import_engine" name="test_import_engine" time="0.001" /></testsuite></testsuites>